Archive member included because of file (symbol)

C:\CSR_uEnergy_SDK-2.4.5.13\tools\lib\CSR101x_A05\libgatt_lib_ram.a(patch_ls_advertising_if.o)
                              depend_Debug_CSR101x_A05\beacon.o (LsStoreAdvScanData)
C:\CSR_uEnergy_SDK-2.4.5.13\tools\lib\CSR101x_A05\libgatt_lib_ram.a(patch_uart.o)
                              depend_Debug_CSR101x_A05\beacon.o (UartConfig)
C:\CSR_uEnergy_SDK-2.4.5.13\tools\lib\CSR101x_A05\libgatt_lib_ram.a(main_ram.o)
                              (main_ram_app_init)
C:\CSR_uEnergy_SDK-2.4.5.13\tools\lib\CSR101x_A05\libgatt_lib_ram.a(hw_patch_install.o)
                              C:\CSR_uEnergy_SDK-2.4.5.13\tools\lib\CSR101x_A05\libgatt_lib_ram.a(main_ram.o) (___libgatt_lib_db_4364)
C:\CSR_uEnergy_SDK-2.4.5.13\tools\lib\CSR101x_A05\libgatt_lib_ram.a(patch_baldrick.o)
                              (hw_patch)
C:\CSR_uEnergy_SDK-2.4.5.13\tools\lib\CSR101x_A05\libgatt_lib_ram.a(patch_robs_aio.o)
                              depend_Debug_CSR101x_A05\beacon.o (AioRead)
C:\CSR_uEnergy_SDK-2.4.5.13\tools\lib\CSR101x_A05\libgatt_lib_ram.a(robs_pio_ram.o)
                              depend_Debug_CSR101x_A05\beacon.o (PioSetMode)
C:\CSR_uEnergy_SDK-2.4.5.13\tools\lib\CSR101x_A05\libgatt_lib_ram.a(id_ram.o)
                              C:\CSR_uEnergy_SDK-2.4.5.13\tools\lib\CSR101x_A05\libgatt_lib_ram.a(main_ram.o) (ram_build_identifier_integer)
C:\CSR_uEnergy_SDK-2.4.5.13\tools\lib\CSR101x_A05\libgatt_lib_ram.a(patch_adc.o)
                              C:\CSR_uEnergy_SDK-2.4.5.13\tools\lib\CSR101x_A05\libgatt_lib_ram.a(patch_robs_aio.o) (___libgatt_lib_db_4693)
C:\CSR_uEnergy_SDK-2.4.5.13\tools\lib\CSR101x_A05\libgatt_lib_ram.a(slut.o)
                              (slut)
C:\CSR_uEnergy_SDK-2.4.5.13\tools\lib\CSR101x_A05\libgatt_lib_ram.a(sw_patch_ram.o)
                              (patch_bitmap)
C:\CSR_uEnergy_SDK-2.4.5.13\tools\lib\CSR101x_A05\libgatt_lib_ram.a(CONFIG_STORE.o)
                              (___libgatt_lib_db_4269)
C:\CSR_uEnergy_SDK-2.4.5.13\tools\lib\CSR101x_A05\libgatt_lib_ram.a(.romradiodata.o)
                              (DATA_TIMERSTRUCT_START)
C:\CSR_uEnergy_SDK-2.4.5.13\tools\lib\CSR101x_A05\libgatt_lib_ram.a(patch_ls_l2cap_if.o)
                              C:\CSR_uEnergy_SDK-2.4.5.13\tools\lib\CSR101x_A05\libgatt_lib_ram.a(sw_patch_ram.o) (___libgatt_lib_db_4568)
C:\CSR_uEnergy_SDK-2.4.5.13\tools\lib\CSR101x_A05\libgatt_lib_ram.a(patch_l2cap.o)
                              C:\CSR_uEnergy_SDK-2.4.5.13\tools\lib\CSR101x_A05\libgatt_lib_ram.a(sw_patch_ram.o) (___libgatt_lib_db_4570)
C:\CSR_uEnergy_SDK-2.4.5.13\tools\lib\CSR101x_A05\libgatt_lib_ram.a(patch_att_install.o)
                              C:\CSR_uEnergy_SDK-2.4.5.13\tools\lib\CSR101x_A05\libgatt_lib_ram.a(sw_patch_ram.o) (___libgatt_lib_db_4572)
C:\CSR_uEnergy_SDK-2.4.5.13\tools\lib\CSR101x_A05\libgatt_lib_ram.a(patch_sm.o)
                              C:\CSR_uEnergy_SDK-2.4.5.13\tools\lib\CSR101x_A05\libgatt_lib_ram.a(sw_patch_ram.o) (___libgatt_lib_db_4584)
C:\CSR_uEnergy_SDK-2.4.5.13\tools\lib\CSR101x_A05\libgatt_lib_ram.a(patch_sm_l2cap.o)
                              C:\CSR_uEnergy_SDK-2.4.5.13\tools\lib\CSR101x_A05\libgatt_lib_ram.a(patch_l2cap.o) (___libgatt_lib_db_4600)
C:\CSR_uEnergy_SDK-2.4.5.13\tools\lib\CSR101x_A05\libgatt_lib_ram.a(patch_george.o)
                              C:\CSR_uEnergy_SDK-2.4.5.13\tools\lib\CSR101x_A05\libgatt_lib_ram.a(sw_patch_ram.o) (___libgatt_lib_db_4609)
C:\CSR_uEnergy_SDK-2.4.5.13\tools\lib\CSR101x_A05\libgatt_lib_ram.a(patch_george_ll.o)
                              C:\CSR_uEnergy_SDK-2.4.5.13\tools\lib\CSR101x_A05\libgatt_lib_ram.a(sw_patch_ram.o) (___libgatt_lib_db_4620)
C:\CSR_uEnergy_SDK-2.4.5.13\tools\lib\CSR101x_A05\libgatt_lib_ram.a(patch_george_adv.o)
                              C:\CSR_uEnergy_SDK-2.4.5.13\tools\lib\CSR101x_A05\libgatt_lib_ram.a(sw_patch_ram.o) (___libgatt_lib_db_4626)
C:\CSR_uEnergy_SDK-2.4.5.13\tools\lib\CSR101x_A05\libgatt_lib_ram.a(patch_dbase.o)
                              C:\CSR_uEnergy_SDK-2.4.5.13\tools\lib\CSR101x_A05\libgatt_lib_ram.a(patch_george.o) (___libgatt_lib_db_4636)
C:\CSR_uEnergy_SDK-2.4.5.13\tools\lib\CSR101x_A05\libgatt_lib_ram.a(hal_debugbus_state.o)
                              C:\CSR_uEnergy_SDK-2.4.5.13\tools\lib\CSR101x_A05\libgatt_lib_ram.a(patch_george.o) (___libgatt_lib_db_4645)
C:\CSR_uEnergy_SDK-2.4.5.13\tools\lib\CSR101x_A05\libgatt_lib_ram.a(patch_halradiotrim.o)
                              C:\CSR_uEnergy_SDK-2.4.5.13\tools\lib\CSR101x_A05\libgatt_lib_ram.a(sw_patch_ram.o) (___libgatt_lib_db_4206)
C:\CSR_uEnergy_SDK-2.4.5.13\tools\lib\CSR101x_A05\libgatt_lib_ram.a(patch_halradio.o)
                              C:\CSR_uEnergy_SDK-2.4.5.13\tools\lib\CSR101x_A05\libgatt_lib_ram.a(sw_patch_ram.o) (___libgatt_lib_db_4657)
C:\CSR_uEnergy_SDK-2.4.5.13\tools\lib\CSR101x_A05\libgatt_lib_ram.a(patch_timer.o)
                              C:\CSR_uEnergy_SDK-2.4.5.13\tools\lib\CSR101x_A05\libgatt_lib_ram.a(sw_patch_ram.o) (___libgatt_lib_db_4659)
C:\CSR_uEnergy_SDK-2.4.5.13\tools\lib\CSR101x_A05\libgatt_lib_ram.a(patch_sleep.o)
                              C:\CSR_uEnergy_SDK-2.4.5.13\tools\lib\CSR101x_A05\libgatt_lib_ram.a(sw_patch_ram.o) (___libgatt_lib_db_4662)
C:\CSR_uEnergy_SDK-2.4.5.13\tools\lib\CSR101x_A05\libgatt_lib_ram.a(patch_reset.o)
                              C:\CSR_uEnergy_SDK-2.4.5.13\tools\lib\CSR101x_A05\libgatt_lib_ram.a(sw_patch_ram.o) (___libgatt_lib_db_4207)
C:\CSR_uEnergy_SDK-2.4.5.13\tools\lib\CSR101x_A05\libgatt_lib_ram.a(patch_pools.o)
                              C:\CSR_uEnergy_SDK-2.4.5.13\tools\lib\CSR101x_A05\libgatt_lib_ram.a(sw_patch_ram.o) (___libgatt_lib_db_4664)
C:\CSR_uEnergy_SDK-2.4.5.13\tools\lib\CSR101x_A05\libgatt_lib_ram.a(patch_background_loop.o)
                              C:\CSR_uEnergy_SDK-2.4.5.13\tools\lib\CSR101x_A05\libgatt_lib_ram.a(sw_patch_ram.o) (___libgatt_lib_db_4667)
C:\CSR_uEnergy_SDK-2.4.5.13\tools\lib\CSR101x_A05\libgatt_lib_ram.a(patch_fault.o)
                              C:\CSR_uEnergy_SDK-2.4.5.13\tools\lib\CSR101x_A05\libgatt_lib_ram.a(sw_patch_ram.o) (___libgatt_lib_db_4669)
C:\CSR_uEnergy_SDK-2.4.5.13\tools\lib\CSR101x_A05\libgatt_lib_ram.a(patch_pmu.o)
                              C:\CSR_uEnergy_SDK-2.4.5.13\tools\lib\CSR101x_A05\libgatt_lib_ram.a(sw_patch_ram.o) (___libgatt_lib_db_4679)
C:\CSR_uEnergy_SDK-2.4.5.13\tools\lib\CSR101x_A05\libgatt_lib_ram.a(patch_thermometer.o)
                              C:\CSR_uEnergy_SDK-2.4.5.13\tools\lib\CSR101x_A05\libgatt_lib_ram.a(sw_patch_ram.o) (___libgatt_lib_db_4214)
C:\CSR_uEnergy_SDK-2.4.5.13\tools\lib\CSR101x_A05\libgatt_lib_ram.a(patch_updates.o)
                              C:\CSR_uEnergy_SDK-2.4.5.13\tools\lib\CSR101x_A05\libgatt_lib_ram.a(sw_patch_ram.o) (___libgatt_lib_db_4691)

Allocating common symbols
Common symbol       size              file

skip_nbyte_find_head
                    0x1               depend_Debug_CSR101x_A05\beacon.o
cnt                 0x1               depend_Debug_CSR101x_A05\beacon.o
sm_long_term_key_ind
                    0x1               C:\CSR_uEnergy_SDK-2.4.5.13\tools\lib\CSR101x_A05\libgatt_lib_ram.a(patch_sm.o)
sm_pairing_auth_ind
                    0x1               C:\CSR_uEnergy_SDK-2.4.5.13\tools\lib\CSR101x_A05\libgatt_lib_ram.a(patch_sm.o)
oula_angle          0x3               depend_Debug_CSR101x_A05\beacon.o
jia_su_du           0x3               depend_Debug_CSR101x_A05\beacon.o
enable_lowduty_directed_adv
                    0x1               C:\CSR_uEnergy_SDK-2.4.5.13\tools\lib\CSR101x_A05\libgatt_lib_ram.a(patch_george.o)
siyuan_data         0x4               depend_Debug_CSR101x_A05\beacon.o
george_earliest_transmit_offset
                    0x3               C:\CSR_uEnergy_SDK-2.4.5.13\tools\lib\CSR101x_A05\libgatt_lib_ram.a(patch_george_ll.o)
control_mode        0x1               depend_Debug_CSR101x_A05\beacon.o

Discarded input sections

 .text          0x00000000        0x0 depend_Debug_CSR101x_A05\beacon.o
 .data          0x00000000        0x0 depend_Debug_CSR101x_A05\beacon.o
 .bss           0x00000000        0x0 depend_Debug_CSR101x_A05\beacon.o
 .text          0x00000000        0x0 depend_Debug_CSR101x_A05\byte_queue.o
 .data          0x00000000        0x0 depend_Debug_CSR101x_A05\byte_queue.o
 .bss           0x00000000        0x0 depend_Debug_CSR101x_A05\byte_queue.o
 .text.BQSafeQueueBytes
                0x00000000        0x0 depend_Debug_CSR101x_A05\byte_queue.o
 .text.BQGetBufferCapacity
                0x00000000        0x0 depend_Debug_CSR101x_A05\byte_queue.o
 .text.BQGetAvailableSize
                0x00000000        0x0 depend_Debug_CSR101x_A05\byte_queue.o
 .text.BQClearBuffer
                0x00000000        0x0 depend_Debug_CSR101x_A05\byte_queue.o
 .text          0x00000000        0x0 C:\CSR_uEnergy_SDK-2.4.5.13\tools\lib\CSR101x_A05\libgatt_lib_ram.a(patch_ls_advertising_if.o)
 .data          0x00000000        0x0 C:\CSR_uEnergy_SDK-2.4.5.13\tools\lib\CSR101x_A05\libgatt_lib_ram.a(patch_ls_advertising_if.o)
 .bss           0x00000000        0x0 C:\CSR_uEnergy_SDK-2.4.5.13\tools\lib\CSR101x_A05\libgatt_lib_ram.a(patch_ls_advertising_if.o)
 .text.LsStoreAdvDataNoAdFlags
                0x00000000        0x0 C:\CSR_uEnergy_SDK-2.4.5.13\tools\lib\CSR101x_A05\libgatt_lib_ram.a(patch_ls_advertising_if.o)
 .text          0x00000000        0x0 C:\CSR_uEnergy_SDK-2.4.5.13\tools\lib\CSR101x_A05\libgatt_lib_ram.a(patch_uart.o)
 .data          0x00000000        0x0 C:\CSR_uEnergy_SDK-2.4.5.13\tools\lib\CSR101x_A05\libgatt_lib_ram.a(patch_uart.o)
 .bss           0x00000000        0x0 C:\CSR_uEnergy_SDK-2.4.5.13\tools\lib\CSR101x_A05\libgatt_lib_ram.a(patch_uart.o)
 .text.UartWrite
                0x00000000        0x0 C:\CSR_uEnergy_SDK-2.4.5.13\tools\lib\CSR101x_A05\libgatt_lib_ram.a(patch_uart.o)
 .text.UartWriteBlocking
                0x00000000        0x0 C:\CSR_uEnergy_SDK-2.4.5.13\tools\lib\CSR101x_A05\libgatt_lib_ram.a(patch_uart.o)
 .text          0x00000000        0x0 C:\CSR_uEnergy_SDK-2.4.5.13\tools\lib\CSR101x_A05\libgatt_lib_ram.a(main_ram.o)
 .data          0x00000000        0x0 C:\CSR_uEnergy_SDK-2.4.5.13\tools\lib\CSR101x_A05\libgatt_lib_ram.a(main_ram.o)
 .bss           0x00000000        0x0 C:\CSR_uEnergy_SDK-2.4.5.13\tools\lib\CSR101x_A05\libgatt_lib_ram.a(main_ram.o)
 .text          0x00000000        0x0 C:\CSR_uEnergy_SDK-2.4.5.13\tools\lib\CSR101x_A05\libgatt_lib_ram.a(hw_patch_install.o)
 .data          0x00000000        0x0 C:\CSR_uEnergy_SDK-2.4.5.13\tools\lib\CSR101x_A05\libgatt_lib_ram.a(hw_patch_install.o)
 .bss           0x00000000        0x0 C:\CSR_uEnergy_SDK-2.4.5.13\tools\lib\CSR101x_A05\libgatt_lib_ram.a(hw_patch_install.o)
 .text          0x00000000        0x0 C:\CSR_uEnergy_SDK-2.4.5.13\tools\lib\CSR101x_A05\libgatt_lib_ram.a(patch_baldrick.o)
 .data          0x00000000        0x0 C:\CSR_uEnergy_SDK-2.4.5.13\tools\lib\CSR101x_A05\libgatt_lib_ram.a(patch_baldrick.o)
 .bss           0x00000000        0x0 C:\CSR_uEnergy_SDK-2.4.5.13\tools\lib\CSR101x_A05\libgatt_lib_ram.a(patch_baldrick.o)
 .text          0x00000000        0x0 C:\CSR_uEnergy_SDK-2.4.5.13\tools\lib\CSR101x_A05\libgatt_lib_ram.a(patch_robs_aio.o)
 .data          0x00000000        0x0 C:\CSR_uEnergy_SDK-2.4.5.13\tools\lib\CSR101x_A05\libgatt_lib_ram.a(patch_robs_aio.o)
 .bss           0x00000000        0x0 C:\CSR_uEnergy_SDK-2.4.5.13\tools\lib\CSR101x_A05\libgatt_lib_ram.a(patch_robs_aio.o)
 .text.AioSetDig
                0x00000000        0x0 C:\CSR_uEnergy_SDK-2.4.5.13\tools\lib\CSR101x_A05\libgatt_lib_ram.a(patch_robs_aio.o)
 .text.AioDrive
                0x00000000        0x0 C:\CSR_uEnergy_SDK-2.4.5.13\tools\lib\CSR101x_A05\libgatt_lib_ram.a(patch_robs_aio.o)
 .text          0x00000000        0x0 C:\CSR_uEnergy_SDK-2.4.5.13\tools\lib\CSR101x_A05\libgatt_lib_ram.a(robs_pio_ram.o)
 .data          0x00000000        0x0 C:\CSR_uEnergy_SDK-2.4.5.13\tools\lib\CSR101x_A05\libgatt_lib_ram.a(robs_pio_ram.o)
 .bss           0x00000000        0x0 C:\CSR_uEnergy_SDK-2.4.5.13\tools\lib\CSR101x_A05\libgatt_lib_ram.a(robs_pio_ram.o)
 .text.PioEnableQuadratureDecoder
                0x00000000        0x0 C:\CSR_uEnergy_SDK-2.4.5.13\tools\lib\CSR101x_A05\libgatt_lib_ram.a(robs_pio_ram.o)
 .text.PioEnableQuadratureDecoders
                0x00000000        0x0 C:\CSR_uEnergy_SDK-2.4.5.13\tools\lib\CSR101x_A05\libgatt_lib_ram.a(robs_pio_ram.o)
 .text.PioReadQuadratureDecoder
                0x00000000        0x0 C:\CSR_uEnergy_SDK-2.4.5.13\tools\lib\CSR101x_A05\libgatt_lib_ram.a(robs_pio_ram.o)
 .text.PioConfigPWM
                0x00000000        0x0 C:\CSR_uEnergy_SDK-2.4.5.13\tools\lib\CSR101x_A05\libgatt_lib_ram.a(robs_pio_ram.o)
 .text          0x00000000        0x0 C:\CSR_uEnergy_SDK-2.4.5.13\tools\lib\CSR101x_A05\libgatt_lib_ram.a(id_ram.o)
 .data          0x00000000        0x0 C:\CSR_uEnergy_SDK-2.4.5.13\tools\lib\CSR101x_A05\libgatt_lib_ram.a(id_ram.o)
 .bss           0x00000000        0x0 C:\CSR_uEnergy_SDK-2.4.5.13\tools\lib\CSR101x_A05\libgatt_lib_ram.a(id_ram.o)
 .text          0x00000000        0x0 C:\CSR_uEnergy_SDK-2.4.5.13\tools\lib\CSR101x_A05\libgatt_lib_ram.a(patch_adc.o)
 .data          0x00000000        0x0 C:\CSR_uEnergy_SDK-2.4.5.13\tools\lib\CSR101x_A05\libgatt_lib_ram.a(patch_adc.o)
 .bss           0x00000000        0x0 C:\CSR_uEnergy_SDK-2.4.5.13\tools\lib\CSR101x_A05\libgatt_lib_ram.a(patch_adc.o)
 .text          0x00000000        0x0 C:\CSR_uEnergy_SDK-2.4.5.13\tools\lib\CSR101x_A05\libgatt_lib_ram.a(slut.o)
 .data          0x00000000        0x0 C:\CSR_uEnergy_SDK-2.4.5.13\tools\lib\CSR101x_A05\libgatt_lib_ram.a(slut.o)
 .bss           0x00000000        0x0 C:\CSR_uEnergy_SDK-2.4.5.13\tools\lib\CSR101x_A05\libgatt_lib_ram.a(slut.o)
 .text          0x00000000        0x0 C:\CSR_uEnergy_SDK-2.4.5.13\tools\lib\CSR101x_A05\libgatt_lib_ram.a(sw_patch_ram.o)
 .data          0x00000000        0x0 C:\CSR_uEnergy_SDK-2.4.5.13\tools\lib\CSR101x_A05\libgatt_lib_ram.a(sw_patch_ram.o)
 .bss           0x00000000        0x0 C:\CSR_uEnergy_SDK-2.4.5.13\tools\lib\CSR101x_A05\libgatt_lib_ram.a(sw_patch_ram.o)
 .text          0x00000000        0x0 C:\CSR_uEnergy_SDK-2.4.5.13\tools\lib\CSR101x_A05\libgatt_lib_ram.a(patch_ls_l2cap_if.o)
 .data          0x00000000        0x0 C:\CSR_uEnergy_SDK-2.4.5.13\tools\lib\CSR101x_A05\libgatt_lib_ram.a(patch_ls_l2cap_if.o)
 .bss           0x00000000        0x0 C:\CSR_uEnergy_SDK-2.4.5.13\tools\lib\CSR101x_A05\libgatt_lib_ram.a(patch_ls_l2cap_if.o)
 .text          0x00000000        0x0 C:\CSR_uEnergy_SDK-2.4.5.13\tools\lib\CSR101x_A05\libgatt_lib_ram.a(patch_l2cap.o)
 .data          0x00000000        0x0 C:\CSR_uEnergy_SDK-2.4.5.13\tools\lib\CSR101x_A05\libgatt_lib_ram.a(patch_l2cap.o)
 .bss           0x00000000        0x0 C:\CSR_uEnergy_SDK-2.4.5.13\tools\lib\CSR101x_A05\libgatt_lib_ram.a(patch_l2cap.o)
 .text          0x00000000        0x0 C:\CSR_uEnergy_SDK-2.4.5.13\tools\lib\CSR101x_A05\libgatt_lib_ram.a(patch_att_install.o)
 .data          0x00000000        0x0 C:\CSR_uEnergy_SDK-2.4.5.13\tools\lib\CSR101x_A05\libgatt_lib_ram.a(patch_att_install.o)
 .bss           0x00000000        0x0 C:\CSR_uEnergy_SDK-2.4.5.13\tools\lib\CSR101x_A05\libgatt_lib_ram.a(patch_att_install.o)
 .data          0x00000000        0x0 C:\CSR_uEnergy_SDK-2.4.5.13\tools\lib\CSR101x_A05\libgatt_lib_ram.a(patch_sm.o)
 .data          0x00000000        0x0 C:\CSR_uEnergy_SDK-2.4.5.13\tools\lib\CSR101x_A05\libgatt_lib_ram.a(patch_sm_l2cap.o)
 .text          0x00000000        0x0 C:\CSR_uEnergy_SDK-2.4.5.13\tools\lib\CSR101x_A05\libgatt_lib_ram.a(patch_george.o)
 .data          0x00000000        0x0 C:\CSR_uEnergy_SDK-2.4.5.13\tools\lib\CSR101x_A05\libgatt_lib_ram.a(patch_george.o)
 .bss           0x00000000        0x0 C:\CSR_uEnergy_SDK-2.4.5.13\tools\lib\CSR101x_A05\libgatt_lib_ram.a(patch_george.o)
 .text.___libgatt_lib_db_4606
                0x00000000        0x0 C:\CSR_uEnergy_SDK-2.4.5.13\tools\lib\CSR101x_A05\libgatt_lib_ram.a(patch_george.o)
 .text.___libgatt_lib_db_4607
                0x00000000        0x0 C:\CSR_uEnergy_SDK-2.4.5.13\tools\lib\CSR101x_A05\libgatt_lib_ram.a(patch_george.o)
 .text.___libgatt_lib_db_4605
                0x00000000        0x0 C:\CSR_uEnergy_SDK-2.4.5.13\tools\lib\CSR101x_A05\libgatt_lib_ram.a(patch_george.o)
 .text          0x00000000        0x0 C:\CSR_uEnergy_SDK-2.4.5.13\tools\lib\CSR101x_A05\libgatt_lib_ram.a(patch_george_ll.o)
 .data          0x00000000        0x0 C:\CSR_uEnergy_SDK-2.4.5.13\tools\lib\CSR101x_A05\libgatt_lib_ram.a(patch_george_ll.o)
 .bss           0x00000000        0x0 C:\CSR_uEnergy_SDK-2.4.5.13\tools\lib\CSR101x_A05\libgatt_lib_ram.a(patch_george_ll.o)
 .text          0x00000000        0x0 C:\CSR_uEnergy_SDK-2.4.5.13\tools\lib\CSR101x_A05\libgatt_lib_ram.a(patch_george_adv.o)
 .data          0x00000000        0x0 C:\CSR_uEnergy_SDK-2.4.5.13\tools\lib\CSR101x_A05\libgatt_lib_ram.a(patch_george_adv.o)
 .bss           0x00000000        0x0 C:\CSR_uEnergy_SDK-2.4.5.13\tools\lib\CSR101x_A05\libgatt_lib_ram.a(patch_george_adv.o)
 .text          0x00000000        0x0 C:\CSR_uEnergy_SDK-2.4.5.13\tools\lib\CSR101x_A05\libgatt_lib_ram.a(patch_dbase.o)
 .data          0x00000000        0x0 C:\CSR_uEnergy_SDK-2.4.5.13\tools\lib\CSR101x_A05\libgatt_lib_ram.a(patch_dbase.o)
 .bss           0x00000000        0x0 C:\CSR_uEnergy_SDK-2.4.5.13\tools\lib\CSR101x_A05\libgatt_lib_ram.a(patch_dbase.o)
 .text.___libgatt_lib_db_4634
                0x00000000        0x0 C:\CSR_uEnergy_SDK-2.4.5.13\tools\lib\CSR101x_A05\libgatt_lib_ram.a(patch_dbase.o)
 .text          0x00000000        0x0 C:\CSR_uEnergy_SDK-2.4.5.13\tools\lib\CSR101x_A05\libgatt_lib_ram.a(hal_debugbus_state.o)
 .data          0x00000000        0x0 C:\CSR_uEnergy_SDK-2.4.5.13\tools\lib\CSR101x_A05\libgatt_lib_ram.a(hal_debugbus_state.o)
 .bss           0x00000000        0x0 C:\CSR_uEnergy_SDK-2.4.5.13\tools\lib\CSR101x_A05\libgatt_lib_ram.a(hal_debugbus_state.o)
 .text          0x00000000        0x0 C:\CSR_uEnergy_SDK-2.4.5.13\tools\lib\CSR101x_A05\libgatt_lib_ram.a(patch_halradiotrim.o)
 .data          0x00000000        0x0 C:\CSR_uEnergy_SDK-2.4.5.13\tools\lib\CSR101x_A05\libgatt_lib_ram.a(patch_halradiotrim.o)
 .bss           0x00000000        0x0 C:\CSR_uEnergy_SDK-2.4.5.13\tools\lib\CSR101x_A05\libgatt_lib_ram.a(patch_halradiotrim.o)
 .text.___libgatt_lib_db_4650
                0x00000000        0x0 C:\CSR_uEnergy_SDK-2.4.5.13\tools\lib\CSR101x_A05\libgatt_lib_ram.a(patch_halradiotrim.o)
 .text.___libgatt_lib_db_4016
                0x00000000        0x0 C:\CSR_uEnergy_SDK-2.4.5.13\tools\lib\CSR101x_A05\libgatt_lib_ram.a(patch_halradiotrim.o)
 .text.___libgatt_lib_db_4648
                0x00000000        0x0 C:\CSR_uEnergy_SDK-2.4.5.13\tools\lib\CSR101x_A05\libgatt_lib_ram.a(patch_halradiotrim.o)
 .text          0x00000000        0x0 C:\CSR_uEnergy_SDK-2.4.5.13\tools\lib\CSR101x_A05\libgatt_lib_ram.a(patch_halradio.o)
 .data          0x00000000        0x0 C:\CSR_uEnergy_SDK-2.4.5.13\tools\lib\CSR101x_A05\libgatt_lib_ram.a(patch_halradio.o)
 .bss           0x00000000        0x0 C:\CSR_uEnergy_SDK-2.4.5.13\tools\lib\CSR101x_A05\libgatt_lib_ram.a(patch_halradio.o)
 .text          0x00000000        0x0 C:\CSR_uEnergy_SDK-2.4.5.13\tools\lib\CSR101x_A05\libgatt_lib_ram.a(patch_timer.o)
 .data          0x00000000        0x0 C:\CSR_uEnergy_SDK-2.4.5.13\tools\lib\CSR101x_A05\libgatt_lib_ram.a(patch_timer.o)
 .bss           0x00000000        0x0 C:\CSR_uEnergy_SDK-2.4.5.13\tools\lib\CSR101x_A05\libgatt_lib_ram.a(patch_timer.o)
 .text          0x00000000        0x0 C:\CSR_uEnergy_SDK-2.4.5.13\tools\lib\CSR101x_A05\libgatt_lib_ram.a(patch_sleep.o)
 .data          0x00000000        0x0 C:\CSR_uEnergy_SDK-2.4.5.13\tools\lib\CSR101x_A05\libgatt_lib_ram.a(patch_sleep.o)
 .bss           0x00000000        0x0 C:\CSR_uEnergy_SDK-2.4.5.13\tools\lib\CSR101x_A05\libgatt_lib_ram.a(patch_sleep.o)
 .text          0x00000000        0x0 C:\CSR_uEnergy_SDK-2.4.5.13\tools\lib\CSR101x_A05\libgatt_lib_ram.a(patch_reset.o)
 .data          0x00000000        0x0 C:\CSR_uEnergy_SDK-2.4.5.13\tools\lib\CSR101x_A05\libgatt_lib_ram.a(patch_reset.o)
 .bss           0x00000000        0x0 C:\CSR_uEnergy_SDK-2.4.5.13\tools\lib\CSR101x_A05\libgatt_lib_ram.a(patch_reset.o)
 .text          0x00000000        0x0 C:\CSR_uEnergy_SDK-2.4.5.13\tools\lib\CSR101x_A05\libgatt_lib_ram.a(patch_pools.o)
 .data          0x00000000        0x0 C:\CSR_uEnergy_SDK-2.4.5.13\tools\lib\CSR101x_A05\libgatt_lib_ram.a(patch_pools.o)
 .bss           0x00000000        0x0 C:\CSR_uEnergy_SDK-2.4.5.13\tools\lib\CSR101x_A05\libgatt_lib_ram.a(patch_pools.o)
 .text          0x00000000        0x0 C:\CSR_uEnergy_SDK-2.4.5.13\tools\lib\CSR101x_A05\libgatt_lib_ram.a(patch_background_loop.o)
 .data          0x00000000        0x0 C:\CSR_uEnergy_SDK-2.4.5.13\tools\lib\CSR101x_A05\libgatt_lib_ram.a(patch_background_loop.o)
 .bss           0x00000000        0x0 C:\CSR_uEnergy_SDK-2.4.5.13\tools\lib\CSR101x_A05\libgatt_lib_ram.a(patch_background_loop.o)
 .text          0x00000000        0x0 C:\CSR_uEnergy_SDK-2.4.5.13\tools\lib\CSR101x_A05\libgatt_lib_ram.a(patch_fault.o)
 .data          0x00000000        0x0 C:\CSR_uEnergy_SDK-2.4.5.13\tools\lib\CSR101x_A05\libgatt_lib_ram.a(patch_fault.o)
 .bss           0x00000000        0x0 C:\CSR_uEnergy_SDK-2.4.5.13\tools\lib\CSR101x_A05\libgatt_lib_ram.a(patch_fault.o)
 .text.PanicReadFwFault
                0x00000000        0x0 C:\CSR_uEnergy_SDK-2.4.5.13\tools\lib\CSR101x_A05\libgatt_lib_ram.a(patch_fault.o)
 .text.PanicClearFwFault
                0x00000000        0x0 C:\CSR_uEnergy_SDK-2.4.5.13\tools\lib\CSR101x_A05\libgatt_lib_ram.a(patch_fault.o)
 .bss.__PATCH__ZERO_
                0x00000000        0x0 C:\CSR_uEnergy_SDK-2.4.5.13\tools\lib\CSR101x_A05\libgatt_lib_ram.a(patch_fault.o)
 .text          0x00000000        0x0 C:\CSR_uEnergy_SDK-2.4.5.13\tools\lib\CSR101x_A05\libgatt_lib_ram.a(patch_pmu.o)
 .data          0x00000000        0x0 C:\CSR_uEnergy_SDK-2.4.5.13\tools\lib\CSR101x_A05\libgatt_lib_ram.a(patch_pmu.o)
 .bss           0x00000000        0x0 C:\CSR_uEnergy_SDK-2.4.5.13\tools\lib\CSR101x_A05\libgatt_lib_ram.a(patch_pmu.o)
 .text          0x00000000        0x0 C:\CSR_uEnergy_SDK-2.4.5.13\tools\lib\CSR101x_A05\libgatt_lib_ram.a(patch_thermometer.o)
 .data          0x00000000        0x0 C:\CSR_uEnergy_SDK-2.4.5.13\tools\lib\CSR101x_A05\libgatt_lib_ram.a(patch_thermometer.o)
 .bss           0x00000000        0x0 C:\CSR_uEnergy_SDK-2.4.5.13\tools\lib\CSR101x_A05\libgatt_lib_ram.a(patch_thermometer.o)
 .text          0x00000000        0x0 C:\CSR_uEnergy_SDK-2.4.5.13\tools\lib\CSR101x_A05\libgatt_lib_ram.a(patch_updates.o)
 .data          0x00000000        0x0 C:\CSR_uEnergy_SDK-2.4.5.13\tools\lib\CSR101x_A05\libgatt_lib_ram.a(patch_updates.o)
 .bss           0x00000000        0x0 C:\CSR_uEnergy_SDK-2.4.5.13\tools\lib\CSR101x_A05\libgatt_lib_ram.a(patch_updates.o)

Memory Configuration

Name             Origin             Length             Attributes
*default*        0x00000000         0xffffffff

Linker script and memory map

LOAD depend_Debug_CSR101x_A05\beacon.o
LOAD depend_Debug_CSR101x_A05\byte_queue.o
LOAD C:\CSR_uEnergy_SDK-2.4.5.13\tools\lib\CSR101x_A05\libgatt_lib_ram.a
LOAD C:\CSR_uEnergy_SDK-2.4.5.13\tools\lib\otau\libotau.a
LOAD C:\CSR_uEnergy_SDK-2.4.5.13\tools\lib\CSR101x_A05\rom_img.elf
                0x00000000                PROG_RAM_START = 0x0
                0x00008000                PROG_RAM_SIZE = 0x8000
                0x00008000                PROG_ROM_START = 0x8000
                0x00008000                PROG_ROM_SIZE = 0x8000
                0x00002000                DATA_RAM_START = 0x2000
                0x00008000                DATA_RAM_SIZE = 0x8000
                0x000001b0                RADIOBUFS_SIZE = 0x1b0
                0x00000020                WHITELIST_SIZE = 0x20
                0x00000164                RADIODATA_SIZE = 0x164
                0x00000200                USTACK_SIZE = 0x200
                0x00000100                ISTACK_SIZE = 0x100
                0x00009f84                DATA_CSTORE_START = 0x9f84
                0x00000058                CSTORE_SIZE = 0x58
                0x00000004                SLT_SIZE = 0x4
                0x00000020                PRESERVE_SIZE = 0x20
                0x0000a000                DATA_RAM_END = 0xa000
                0x0000a000                DATA_ROM_START = 0xa000
                0x00004000                DATA_ROM_SIZE = 0x4000
                0x0000ef80                DATA_PERSIST_START = 0xef80
                0x00000080                DATA_PERSIST_SIZE = 0x80
                0x00009360                DATA_ROMDATA_START = 0x9360
                0x00000000                PROG_APPCODE_START = 0x0
                0x00006c00                PROG_APPCODE_END = 0x6c00
                0x00008c40                DATA_APPDATA_START = 0x8c40
                0x00008f00                DATA_APPDATA_END = 0x8f00
                0x80000000                $CODE$ = 0x80000000
                0x00000000                $DATA$ = 0x0
                0x0000ffe0                PROVIDE ($XAP_AH, 0xffe0)
                0x0000ffe1                PROVIDE ($XAP_AL, 0xffe1)
                0x0000ffe2                PROVIDE ($XAP_UXH, 0xffe2)
                0x0000ffe3                PROVIDE ($XAP_UXL, 0xffe3)
                0x0000ffe4                PROVIDE ($XAP_UY, 0xffe4)
                0x0000ffe5                PROVIDE ($XAP_IXH, 0xffe5)
                0x0000ffe6                PROVIDE ($XAP_IXL, 0xffe6)
                0x0000ffe7                PROVIDE ($XAP_IY, 0xffe7)
                0x00000008                . = 0x8

.app_ram_init   0x00000008        0x1
 *(RAM_APP_INIT)
 RAM_APP_INIT   0x00000008        0x1 C:\CSR_uEnergy_SDK-2.4.5.13\tools\lib\CSR101x_A05\libgatt_lib_ram.a(main_ram.o)
                0x00000008                main_ram_app_init

.fw_patch_bitmap
                0x00000009        0x6
 *(FW_PATCH_BITMAP)
 FW_PATCH_BITMAP
                0x00000009        0x6 C:\CSR_uEnergy_SDK-2.4.5.13\tools\lib\CSR101x_A05\libgatt_lib_ram.a(sw_patch_ram.o)
                0x00000009                patch_bitmap

.fw_patch_table
                0x0000000f        0x1
 *(FW_PATCH_TABLE)
 FW_PATCH_TABLE
                0x0000000f        0x1 C:\CSR_uEnergy_SDK-2.4.5.13\tools\lib\CSR101x_A05\libgatt_lib_ram.a(sw_patch_ram.o)
                0x0000000f                patch_table
                0x00000010                PROG_APPCODE_START = .

.text           0x00000010     0x1997 load address 0x80000010
 *xap2crt0.o(.text)
 *xap2crt0.o(.text.*)
                0x00000010                PROG_PATCH_ADDRESS = .
 *(.hw_patch)
 .hw_patch      0x00000010      0x158 C:\CSR_uEnergy_SDK-2.4.5.13\tools\lib\CSR101x_A05\libgatt_lib_ram.a(patch_baldrick.o)
                0x00000010                hw_patch
 *(.text)
 .text          0x00000168      0x1cf C:\CSR_uEnergy_SDK-2.4.5.13\tools\lib\CSR101x_A05\libgatt_lib_ram.a(patch_sm.o)
                0x0000019d                ___libgatt_lib_db_4587
                0x000001f8                ___libgatt_lib_db_4585
                0x00000168                ___libgatt_lib_db_4584
                0x00000202                ___libgatt_lib_db_4589
                0x00000287                ___libgatt_lib_db_4586
                0x00000211                ___libgatt_lib_db_4583
                0x000002d6                ___libgatt_lib_db_4588
                0x00000233                ___libgatt_lib_db_4598
 .text          0x00000337        0xf C:\CSR_uEnergy_SDK-2.4.5.13\tools\lib\CSR101x_A05\libgatt_lib_ram.a(patch_sm_l2cap.o)
                0x00000337                ___libgatt_lib_db_4600
 *(.text.*)
 .text.add_id_to_boardcast_info
                0x00000346       0x25 depend_Debug_CSR101x_A05\beacon.o
 .text.Nvm_Disable
                0x0000036b        0x9 depend_Debug_CSR101x_A05\beacon.o
                0x0000036b                Nvm_Disable
 .text.Nvm_Read
                0x00000374        0xd depend_Debug_CSR101x_A05\beacon.o
                0x00000374                Nvm_Read
 .text.appSetRandomAddress
                0x00000381       0x92 depend_Debug_CSR101x_A05\beacon.o
 .text.startAdvertising
                0x00000413       0x9e depend_Debug_CSR101x_A05\beacon.o
                0x00000413                startAdvertising
 .text.crc_ccitt
                0x000004b1       0x2a depend_Debug_CSR101x_A05\beacon.o
                0x000004b1                crc_ccitt
 .text.add_crc16_to_boardcast_info
                0x000004db       0x14 depend_Debug_CSR101x_A05\beacon.o
 .text.uartTxDataCallback
                0x000004ef        0x1 depend_Debug_CSR101x_A05\beacon.o
 .text.AppPowerOnReset
                0x000004f0        0x1 depend_Debug_CSR101x_A05\beacon.o
                0x000004f0                AppPowerOnReset
 .text.uartRxDataCallback
                0x000004f1        0xe depend_Debug_CSR101x_A05\beacon.o
 .text.find_sync_head
                0x000004ff       0x28 depend_Debug_CSR101x_A05\beacon.o
                0x000004ff                find_sync_head
 .text.updonw_judge
                0x00000527       0x13 depend_Debug_CSR101x_A05\beacon.o
                0x00000527                updonw_judge
 .text.status_judge
                0x0000053a       0x35 depend_Debug_CSR101x_A05\beacon.o
                0x0000053a                status_judge
 .text.parse_uart_data
                0x0000056f      0x1c5 depend_Debug_CSR101x_A05\beacon.o
                0x0000056f                parse_uart_data
 .text.adc_read
                0x00000734       0x54 depend_Debug_CSR101x_A05\beacon.o
                0x00000734                adc_read
 .text.bleDataTimer
                0x00000788       0x17 depend_Debug_CSR101x_A05\beacon.o
 .text.led_blink
                0x0000079f       0x17 depend_Debug_CSR101x_A05\beacon.o
                0x0000079f                led_blink
 .text.fast_blink_led
                0x000007b6       0x66 depend_Debug_CSR101x_A05\beacon.o
 .text.AppInit  0x0000081c       0x91 depend_Debug_CSR101x_A05\beacon.o
                0x0000081c                AppInit
 .text.AppProcessSystemEvent
                0x000008ad        0x4 depend_Debug_CSR101x_A05\beacon.o
                0x000008ad                AppProcessSystemEvent
 .text.AppProcessLmEvent
                0x000008b1        0x5 depend_Debug_CSR101x_A05\beacon.o
                0x000008b1                AppProcessLmEvent
 .text.copyIntoBuffer
                0x000008b6       0x9b depend_Debug_CSR101x_A05\byte_queue.o
 .text.peekBuffer
                0x00000951       0x7b depend_Debug_CSR101x_A05\byte_queue.o
 .text.BQForceQueueBytes
                0x000009cc        0x8 depend_Debug_CSR101x_A05\byte_queue.o
                0x000009cc                BQForceQueueBytes
 .text.BQGetDataSize
                0x000009d4       0x1a depend_Debug_CSR101x_A05\byte_queue.o
                0x000009d4                BQGetDataSize
 .text.BQPopBytes
                0x000009ee        0xb depend_Debug_CSR101x_A05\byte_queue.o
                0x000009ee                BQPopBytes
 .text.BQPeekBytes
                0x000009f9        0x8 depend_Debug_CSR101x_A05\byte_queue.o
                0x000009f9                BQPeekBytes
 .text.BQCommitLastPeek
                0x00000a01        0x5 depend_Debug_CSR101x_A05\byte_queue.o
                0x00000a01                BQCommitLastPeek
 .text.___libgatt_lib_db_4563
                0x00000a06        0xe C:\CSR_uEnergy_SDK-2.4.5.13\tools\lib\CSR101x_A05\libgatt_lib_ram.a(patch_ls_advertising_if.o)
                0x00000a06                ___libgatt_lib_db_4563
 .text.ls_advscan_set_payload_data
                0x00000a14       0x46 C:\CSR_uEnergy_SDK-2.4.5.13\tools\lib\CSR101x_A05\libgatt_lib_ram.a(patch_ls_advertising_if.o)
 .text.___libgatt_lib_db_4564
                0x00000a5a        0xb C:\CSR_uEnergy_SDK-2.4.5.13\tools\lib\CSR101x_A05\libgatt_lib_ram.a(patch_ls_advertising_if.o)
                0x00000a5a                ___libgatt_lib_db_4564
 .text.LsStoreAdvScanData
                0x00000a65        0xf C:\CSR_uEnergy_SDK-2.4.5.13\tools\lib\CSR101x_A05\libgatt_lib_ram.a(patch_ls_advertising_if.o)
                0x00000a65                LsStoreAdvScanData
 .text.LsStartStopAdvertise
                0x00000a74        0xc C:\CSR_uEnergy_SDK-2.4.5.13\tools\lib\CSR101x_A05\libgatt_lib_ram.a(patch_ls_advertising_if.o)
                0x00000a74                LsStartStopAdvertise
 .text.patched_uart_do_tx
                0x00000a80       0x1d C:\CSR_uEnergy_SDK-2.4.5.13\tools\lib\CSR101x_A05\libgatt_lib_ram.a(patch_uart.o)
 .text.stop_sb_timer
                0x00000a9d        0xd C:\CSR_uEnergy_SDK-2.4.5.13\tools\lib\CSR101x_A05\libgatt_lib_ram.a(patch_uart.o)
 .text.patched_uart_out_event
                0x00000aaa        0x9 C:\CSR_uEnergy_SDK-2.4.5.13\tools\lib\CSR101x_A05\libgatt_lib_ram.a(patch_uart.o)
 .text.sb_timeout
                0x00000ab3       0x12 C:\CSR_uEnergy_SDK-2.4.5.13\tools\lib\CSR101x_A05\libgatt_lib_ram.a(patch_uart.o)
 .text.UartConfig
                0x00000ac5       0x33 C:\CSR_uEnergy_SDK-2.4.5.13\tools\lib\CSR101x_A05\libgatt_lib_ram.a(patch_uart.o)
                0x00000ac5                UartConfig
 .text.UartInit
                0x00000af8       0x17 C:\CSR_uEnergy_SDK-2.4.5.13\tools\lib\CSR101x_A05\libgatt_lib_ram.a(patch_uart.o)
                0x00000af8                UartInit
 .text.ram_app_init
                0x00000b0f       0x33 C:\CSR_uEnergy_SDK-2.4.5.13\tools\lib\CSR101x_A05\libgatt_lib_ram.a(main_ram.o)
                0x00000b0f                ram_app_init
 .text.___libgatt_lib_db_4364
                0x00000b42        0x8 C:\CSR_uEnergy_SDK-2.4.5.13\tools\lib\CSR101x_A05\libgatt_lib_ram.a(hw_patch_install.o)
                0x00000b42                ___libgatt_lib_db_4364
 .text.AioRead  0x00000b4a       0x31 C:\CSR_uEnergy_SDK-2.4.5.13\tools\lib\CSR101x_A05\libgatt_lib_ram.a(patch_robs_aio.o)
                0x00000b4a                AioRead
 .text.PioSetMode
                0x00000b7b        0xb C:\CSR_uEnergy_SDK-2.4.5.13\tools\lib\CSR101x_A05\libgatt_lib_ram.a(robs_pio_ram.o)
                0x00000b7b                PioSetMode
 .text.IdGetLlVerBtle
                0x00000b86        0x3 C:\CSR_uEnergy_SDK-2.4.5.13\tools\lib\CSR101x_A05\libgatt_lib_ram.a(id_ram.o)
                0x00000b86                IdGetLlVerBtle
 .text.___libgatt_lib_db_4693
                0x00000b89       0x27 C:\CSR_uEnergy_SDK-2.4.5.13\tools\lib\CSR101x_A05\libgatt_lib_ram.a(patch_adc.o)
                0x00000b89                ___libgatt_lib_db_4693
 .text.___libgatt_lib_db_4568
                0x00000bb0       0x11 C:\CSR_uEnergy_SDK-2.4.5.13\tools\lib\CSR101x_A05\libgatt_lib_ram.a(patch_ls_l2cap_if.o)
                0x00000bb0                ___libgatt_lib_db_4568
 .text.___libgatt_lib_db_4570
                0x00000bc1        0xc C:\CSR_uEnergy_SDK-2.4.5.13\tools\lib\CSR101x_A05\libgatt_lib_ram.a(patch_l2cap.o)
                0x00000bc1                ___libgatt_lib_db_4570
 .text.___libgatt_lib_db_4572
                0x00000bcd        0xe C:\CSR_uEnergy_SDK-2.4.5.13\tools\lib\CSR101x_A05\libgatt_lib_ram.a(patch_att_install.o)
                0x00000bcd                ___libgatt_lib_db_4572
 .text.patch_att_handle_execute_write_req
                0x00000bdb       0xff C:\CSR_uEnergy_SDK-2.4.5.13\tools\lib\CSR101x_A05\libgatt_lib_ram.a(patch_att_install.o)
 .text.patch_att_handle_read_multi_req
                0x00000cda       0xbc C:\CSR_uEnergy_SDK-2.4.5.13\tools\lib\CSR101x_A05\libgatt_lib_ram.a(patch_att_install.o)
 .text.ram_le_connection_timeout_A05
                0x00000d96       0x34 C:\CSR_uEnergy_SDK-2.4.5.13\tools\lib\CSR101x_A05\libgatt_lib_ram.a(patch_george.o)
 .text.___libgatt_lib_db_4603
                0x00000dca        0x8 C:\CSR_uEnergy_SDK-2.4.5.13\tools\lib\CSR101x_A05\libgatt_lib_ram.a(patch_george.o)
                0x00000dca                ___libgatt_lib_db_4603
 .text.___libgatt_lib_db_4609
                0x00000dd2       0x1b C:\CSR_uEnergy_SDK-2.4.5.13\tools\lib\CSR101x_A05\libgatt_lib_ram.a(patch_george.o)
                0x00000dd2                ___libgatt_lib_db_4609
 .text.___libgatt_lib_db_4608
                0x00000ded       0xde C:\CSR_uEnergy_SDK-2.4.5.13\tools\lib\CSR101x_A05\libgatt_lib_ram.a(patch_george.o)
                0x00000ded                ___libgatt_lib_db_4608
 .text.rx_timing_report
                0x00000ecb       0xb1 C:\CSR_uEnergy_SDK-2.4.5.13\tools\lib\CSR101x_A05\libgatt_lib_ram.a(patch_george.o)
 .text.ram_le_handle_event
                0x00000f7c       0xeb C:\CSR_uEnergy_SDK-2.4.5.13\tools\lib\CSR101x_A05\libgatt_lib_ram.a(patch_george.o)
 .text.___libgatt_lib_db_4550
                0x00001067       0x1c C:\CSR_uEnergy_SDK-2.4.5.13\tools\lib\CSR101x_A05\libgatt_lib_ram.a(patch_george.o)
                0x00001067                ___libgatt_lib_db_4550
 .text.___libgatt_lib_db_4549
                0x00001083       0x2d C:\CSR_uEnergy_SDK-2.4.5.13\tools\lib\CSR101x_A05\libgatt_lib_ram.a(patch_george.o)
                0x00001083                ___libgatt_lib_db_4549
 .text.___libgatt_lib_db_4604
                0x000010b0      0x17f C:\CSR_uEnergy_SDK-2.4.5.13\tools\lib\CSR101x_A05\libgatt_lib_ram.a(patch_george.o)
                0x000010b0                ___libgatt_lib_db_4604
 .text.___libgatt_lib_db_4544
                0x0000122f       0x26 C:\CSR_uEnergy_SDK-2.4.5.13\tools\lib\CSR101x_A05\libgatt_lib_ram.a(patch_george.o)
                0x0000122f                ___libgatt_lib_db_4544
 .text.___libgatt_lib_db_4610
                0x00001255       0xb4 C:\CSR_uEnergy_SDK-2.4.5.13\tools\lib\CSR101x_A05\libgatt_lib_ram.a(patch_george.o)
                0x00001255                ___libgatt_lib_db_4610
 .text.___libgatt_lib_db_4620
                0x00001309        0xc C:\CSR_uEnergy_SDK-2.4.5.13\tools\lib\CSR101x_A05\libgatt_lib_ram.a(patch_george_ll.o)
                0x00001309                ___libgatt_lib_db_4620
 .text.___libgatt_lib_db_4619
                0x00001315       0x11 C:\CSR_uEnergy_SDK-2.4.5.13\tools\lib\CSR101x_A05\libgatt_lib_ram.a(patch_george_ll.o)
                0x00001315                ___libgatt_lib_db_4619
 .text.___libgatt_lib_db_4621
                0x00001326      0x124 C:\CSR_uEnergy_SDK-2.4.5.13\tools\lib\CSR101x_A05\libgatt_lib_ram.a(patch_george_ll.o)
                0x00001326                ___libgatt_lib_db_4621
 .text.___libgatt_lib_db_4626
                0x0000144a       0x5a C:\CSR_uEnergy_SDK-2.4.5.13\tools\lib\CSR101x_A05\libgatt_lib_ram.a(patch_george_adv.o)
                0x0000144a                ___libgatt_lib_db_4626
 .text.___libgatt_lib_db_4627
                0x000014a4       0x1b C:\CSR_uEnergy_SDK-2.4.5.13\tools\lib\CSR101x_A05\libgatt_lib_ram.a(patch_george_adv.o)
                0x000014a4                ___libgatt_lib_db_4627
 .text.___libgatt_lib_db_4636
                0x000014bf       0x27 C:\CSR_uEnergy_SDK-2.4.5.13\tools\lib\CSR101x_A05\libgatt_lib_ram.a(patch_dbase.o)
                0x000014bf                ___libgatt_lib_db_4636
 .text.___libgatt_lib_db_4630
                0x000014e6       0x16 C:\CSR_uEnergy_SDK-2.4.5.13\tools\lib\CSR101x_A05\libgatt_lib_ram.a(patch_dbase.o)
                0x000014e6                ___libgatt_lib_db_4630
 .text.dbase_safe_access_check_curr
                0x000014fc        0x3 C:\CSR_uEnergy_SDK-2.4.5.13\tools\lib\CSR101x_A05\libgatt_lib_ram.a(patch_dbase.o)
 .text.___libgatt_lib_db_4635
                0x000014ff       0x11 C:\CSR_uEnergy_SDK-2.4.5.13\tools\lib\CSR101x_A05\libgatt_lib_ram.a(patch_dbase.o)
                0x000014ff                ___libgatt_lib_db_4635
 .text.___libgatt_lib_db_4633
                0x00001510       0x11 C:\CSR_uEnergy_SDK-2.4.5.13\tools\lib\CSR101x_A05\libgatt_lib_ram.a(patch_dbase.o)
                0x00001510                ___libgatt_lib_db_4633
 .text.___libgatt_lib_db_4632
                0x00001521        0xf C:\CSR_uEnergy_SDK-2.4.5.13\tools\lib\CSR101x_A05\libgatt_lib_ram.a(patch_dbase.o)
                0x00001521                ___libgatt_lib_db_4632
 .text.___libgatt_lib_db_4631
                0x00001530        0x7 C:\CSR_uEnergy_SDK-2.4.5.13\tools\lib\CSR101x_A05\libgatt_lib_ram.a(patch_dbase.o)
                0x00001530                ___libgatt_lib_db_4631
 .text.___libgatt_lib_db_4645
                0x00001537        0xc C:\CSR_uEnergy_SDK-2.4.5.13\tools\lib\CSR101x_A05\libgatt_lib_ram.a(hal_debugbus_state.o)
                0x00001537                ___libgatt_lib_db_4645
 .text.___libgatt_lib_db_4644
                0x00001543        0xc C:\CSR_uEnergy_SDK-2.4.5.13\tools\lib\CSR101x_A05\libgatt_lib_ram.a(hal_debugbus_state.o)
                0x00001543                ___libgatt_lib_db_4644
 .text.___libgatt_lib_db_4206
                0x0000154f       0x1d C:\CSR_uEnergy_SDK-2.4.5.13\tools\lib\CSR101x_A05\libgatt_lib_ram.a(patch_halradiotrim.o)
                0x0000154f                ___libgatt_lib_db_4206
 .text.___libgatt_lib_db_4208
                0x0000156c       0x11 C:\CSR_uEnergy_SDK-2.4.5.13\tools\lib\CSR101x_A05\libgatt_lib_ram.a(patch_halradiotrim.o)
                0x0000156c                ___libgatt_lib_db_4208
 .text.___libgatt_lib_db_4209
                0x0000157d       0x4d C:\CSR_uEnergy_SDK-2.4.5.13\tools\lib\CSR101x_A05\libgatt_lib_ram.a(patch_halradiotrim.o)
                0x0000157d                ___libgatt_lib_db_4209
 .text.RAM_set_tx_power_parameters
                0x000015ca       0x57 C:\CSR_uEnergy_SDK-2.4.5.13\tools\lib\CSR101x_A05\libgatt_lib_ram.a(patch_halradiotrim.o)
 .text.___libgatt_lib_db_4651
                0x00001621        0xf C:\CSR_uEnergy_SDK-2.4.5.13\tools\lib\CSR101x_A05\libgatt_lib_ram.a(patch_halradiotrim.o)
                0x00001621                ___libgatt_lib_db_4651
 .text.___libgatt_lib_db_4649
                0x00001630        0xa C:\CSR_uEnergy_SDK-2.4.5.13\tools\lib\CSR101x_A05\libgatt_lib_ram.a(patch_halradiotrim.o)
                0x00001630                ___libgatt_lib_db_4649
 .text.___libgatt_lib_db_4205
                0x0000163a        0x9 C:\CSR_uEnergy_SDK-2.4.5.13\tools\lib\CSR101x_A05\libgatt_lib_ram.a(patch_halradiotrim.o)
                0x0000163a                ___libgatt_lib_db_4205
 .text.___libgatt_lib_db_4657
                0x00001643       0x55 C:\CSR_uEnergy_SDK-2.4.5.13\tools\lib\CSR101x_A05\libgatt_lib_ram.a(patch_halradio.o)
                0x00001643                ___libgatt_lib_db_4657
 .text.___libgatt_lib_db_4659
                0x00001698       0x24 C:\CSR_uEnergy_SDK-2.4.5.13\tools\lib\CSR101x_A05\libgatt_lib_ram.a(patch_timer.o)
                0x00001698                ___libgatt_lib_db_4659
 .text.___libgatt_lib_db_4662
                0x000016bc        0xd C:\CSR_uEnergy_SDK-2.4.5.13\tools\lib\CSR101x_A05\libgatt_lib_ram.a(patch_sleep.o)
                0x000016bc                ___libgatt_lib_db_4662
 .text.___libgatt_lib_db_4207
                0x000016c9        0xd C:\CSR_uEnergy_SDK-2.4.5.13\tools\lib\CSR101x_A05\libgatt_lib_ram.a(patch_reset.o)
                0x000016c9                ___libgatt_lib_db_4207
 .text.___libgatt_lib_db_4664
                0x000016d6       0x3a C:\CSR_uEnergy_SDK-2.4.5.13\tools\lib\CSR101x_A05\libgatt_lib_ram.a(patch_pools.o)
                0x000016d6                ___libgatt_lib_db_4664
 .text.___libgatt_lib_db_4667
                0x00001710        0xf C:\CSR_uEnergy_SDK-2.4.5.13\tools\lib\CSR101x_A05\libgatt_lib_ram.a(patch_background_loop.o)
                0x00001710                ___libgatt_lib_db_4667
 .text.___libgatt_lib_db_4669
                0x0000171f        0x5 C:\CSR_uEnergy_SDK-2.4.5.13\tools\lib\CSR101x_A05\libgatt_lib_ram.a(patch_fault.o)
                0x0000171f                ___libgatt_lib_db_4669
 .text.___libgatt_lib_db_4680
                0x00001724       0x3b C:\CSR_uEnergy_SDK-2.4.5.13\tools\lib\CSR101x_A05\libgatt_lib_ram.a(patch_pmu.o)
                0x00001724                ___libgatt_lib_db_4680
 .text.___libgatt_lib_db_4679
                0x0000175f       0x19 C:\CSR_uEnergy_SDK-2.4.5.13\tools\lib\CSR101x_A05\libgatt_lib_ram.a(patch_pmu.o)
                0x0000175f                ___libgatt_lib_db_4679
 .text.___libgatt_lib_db_4677
                0x00001778       0x1e C:\CSR_uEnergy_SDK-2.4.5.13\tools\lib\CSR101x_A05\libgatt_lib_ram.a(patch_pmu.o)
                0x00001778                ___libgatt_lib_db_4677
 .text.___libgatt_lib_db_4678
                0x00001796       0x2e C:\CSR_uEnergy_SDK-2.4.5.13\tools\lib\CSR101x_A05\libgatt_lib_ram.a(patch_pmu.o)
                0x00001796                ___libgatt_lib_db_4678
 .text.___libgatt_lib_db_4214
                0x000017c4      0x15c C:\CSR_uEnergy_SDK-2.4.5.13\tools\lib\CSR101x_A05\libgatt_lib_ram.a(patch_thermometer.o)
                0x000017c4                ___libgatt_lib_db_4214
 .text.___libgatt_lib_db_4691
                0x00001920       0x87 C:\CSR_uEnergy_SDK-2.4.5.13\tools\lib\CSR101x_A05\libgatt_lib_ram.a(patch_updates.o)
                0x00001920                ___libgatt_lib_db_4691
 *(.apptext)
 *(.apptext.*)
 *xap2crte.o(.text)
 *xap2crte.o(.text.*)
                0x000019a7                PROG_APPCODE_END = .
                0x000039a7                DATA_CONST_START = (DATA_RAM_START + .)
                0x000039a7                . = DATA_CONST_START

.const
 *(CONST)
 *(CONST.*)
                0x000039a7                DATA_CONST_END = .
                0x000039a7                DATA_RODATA_START = .
                0x000039a8                . = (. + 0x1)

.rodata         0x000039a8       0x4b
 *(.rodata)
 *(.rodata.*)
 .rodata.C.0..2431.
                0x000039a8        0x3 depend_Debug_CSR101x_A05\beacon.o
 .rodata.ram_build_identifier_integer
                0x000039ab        0x1 C:\CSR_uEnergy_SDK-2.4.5.13\tools\lib\CSR101x_A05\libgatt_lib_ram.a(id_ram.o)
                0x000039ab                ram_build_identifier_integer
 .rodata.ram_build_identifier_string
                0x000039ac       0x16 C:\CSR_uEnergy_SDK-2.4.5.13\tools\lib\CSR101x_A05\libgatt_lib_ram.a(id_ram.o)
                0x000039ac                ram_build_identifier_string
 .rodata.slut_extended
                0x000039c2        0x9 C:\CSR_uEnergy_SDK-2.4.5.13\tools\lib\CSR101x_A05\libgatt_lib_ram.a(slut.o)
                0x000039c2                ___libgatt_lib_db_4695
 .rodata.tx_power_table
                0x000039cb       0x28 C:\CSR_uEnergy_SDK-2.4.5.13\tools\lib\CSR101x_A05\libgatt_lib_ram.a(patch_halradiotrim.o)
                0x000039cb                ___libgatt_lib_db_4656
                0x000039f3                DATA_RODATA_END = .

.bss            0x000039f4      0x4e9
                0x000039f4                DATA_BSS_APP_START = .
 *(.bss)
 .bss           0x000039f4        0x3 C:\CSR_uEnergy_SDK-2.4.5.13\tools\lib\CSR101x_A05\libgatt_lib_ram.a(patch_sm.o)
                0x000039f4                sm_security_started
 .bss           0x000039f7        0x1 C:\CSR_uEnergy_SDK-2.4.5.13\tools\lib\CSR101x_A05\libgatt_lib_ram.a(patch_sm_l2cap.o)
 *(.bss.*)
 .bss.ble_data_timeout_tid
                0x000039f8        0x1 depend_Debug_CSR101x_A05\beacon.o
 .bss.fast_blink
                0x000039f9        0x1 depend_Debug_CSR101x_A05\beacon.o
 .bss.parse_uart_tid
                0x000039fa        0x1 depend_Debug_CSR101x_A05\beacon.o
 .bss.led_state
                0x000039fb        0x1 depend_Debug_CSR101x_A05\beacon.o
                0x000039fb                led_state
 .bss.vol_flag  0x000039fc        0x1 depend_Debug_CSR101x_A05\beacon.o
 .bss.up_down_state
                0x000039fd        0x1 depend_Debug_CSR101x_A05\beacon.o
                0x000039fd                up_down_state
 .bss.start_boardcast
                0x000039fe        0x1 depend_Debug_CSR101x_A05\beacon.o
                0x000039fe                start_boardcast
 .bss.status_flag
                0x000039ff        0x1 depend_Debug_CSR101x_A05\beacon.o
                0x000039ff                status_flag
 .bss.fast_cnt  0x00003a00        0x1 depend_Debug_CSR101x_A05\beacon.o
                0x00003a00                fast_cnt
 *fill*         0x00003a01        0x2 00
 .bss.rx_buffer
                0x00003a02       0x20 depend_Debug_CSR101x_A05\beacon.o
 .bss.tx_buffer
                0x00003a22       0x20 depend_Debug_CSR101x_A05\beacon.o
 .bss.app_timers1
                0x00003a42       0x24 depend_Debug_CSR101x_A05\beacon.o
 .bss.boardcast_info
                0x00003a66       0x10 depend_Debug_CSR101x_A05\beacon.o
 .bss.buf_frame
                0x00003a76       0x40 depend_Debug_CSR101x_A05\beacon.o
 .bss.g_head    0x00003ab6        0x1 depend_Debug_CSR101x_A05\byte_queue.o
 .bss.g_peek    0x00003ab7        0x1 depend_Debug_CSR101x_A05\byte_queue.o
 .bss.g_tail    0x00003ab8        0x1 depend_Debug_CSR101x_A05\byte_queue.o
 .bss.g_queue   0x00003ab9      0x400 depend_Debug_CSR101x_A05\byte_queue.o
 .bss.__PATCH__ZERO_
                0x00003eb9        0x1 C:\CSR_uEnergy_SDK-2.4.5.13\tools\lib\CSR101x_A05\libgatt_lib_ram.a(patch_ls_advertising_if.o)
 .bss.__PATCH__ZERO_
                0x00003eba        0x1 C:\CSR_uEnergy_SDK-2.4.5.13\tools\lib\CSR101x_A05\libgatt_lib_ram.a(patch_uart.o)
 .bss.uart_sb_timer_id
                0x00003ebb        0x1 C:\CSR_uEnergy_SDK-2.4.5.13\tools\lib\CSR101x_A05\libgatt_lib_ram.a(patch_uart.o)
 .bss.uart_sb_timeout
                0x00003ebc        0x2 C:\CSR_uEnergy_SDK-2.4.5.13\tools\lib\CSR101x_A05\libgatt_lib_ram.a(patch_uart.o)
 .bss.__PATCH__ZERO_
                0x00003ebe        0x1 C:\CSR_uEnergy_SDK-2.4.5.13\tools\lib\CSR101x_A05\libgatt_lib_ram.a(patch_robs_aio.o)
 .bss.patch_pending
                0x00003ebf        0x1 C:\CSR_uEnergy_SDK-2.4.5.13\tools\lib\CSR101x_A05\libgatt_lib_ram.a(patch_george.o)
                0x00003ebf                patch_pending
 .bss.patch_rx_timing_report
                0x00003ec0        0x1 C:\CSR_uEnergy_SDK-2.4.5.13\tools\lib\CSR101x_A05\libgatt_lib_ram.a(patch_george.o)
                0x00003ec0                patch_rx_timing_report
 .bss.patch_pending_mode
                0x00003ec1        0x1 C:\CSR_uEnergy_SDK-2.4.5.13\tools\lib\CSR101x_A05\libgatt_lib_ram.a(patch_george.o)
                0x00003ec1                patch_pending_mode
 .bss.__PATCH__ZERO_
                0x00003ec2        0x1 C:\CSR_uEnergy_SDK-2.4.5.13\tools\lib\CSR101x_A05\libgatt_lib_ram.a(patch_george.o)
 .bss.__PATCH__ZERO_
                0x00003ec3        0x1 C:\CSR_uEnergy_SDK-2.4.5.13\tools\lib\CSR101x_A05\libgatt_lib_ram.a(patch_halradiotrim.o)
 .bss.tx_power_table_entry
                0x00003ec4        0x1 C:\CSR_uEnergy_SDK-2.4.5.13\tools\lib\CSR101x_A05\libgatt_lib_ram.a(patch_halradiotrim.o)
 .bss.__PATCH__ZERO_
                0x00003ec5        0x1 C:\CSR_uEnergy_SDK-2.4.5.13\tools\lib\CSR101x_A05\libgatt_lib_ram.a(patch_timer.o)
 .bss.__PATCH__ZERO_
                0x00003ec6        0x1 C:\CSR_uEnergy_SDK-2.4.5.13\tools\lib\CSR101x_A05\libgatt_lib_ram.a(patch_pmu.o)
 .bss.enable_lo_offset_adc_update
                0x00003ec7        0x1 C:\CSR_uEnergy_SDK-2.4.5.13\tools\lib\CSR101x_A05\libgatt_lib_ram.a(patch_thermometer.o)
                0x00003ec7                enable_lo_offset_adc_update
 .bss.__PATCH__ZERO_
                0x00003ec8        0x1 C:\CSR_uEnergy_SDK-2.4.5.13\tools\lib\CSR101x_A05\libgatt_lib_ram.a(patch_thermometer.o)
 .bss.__PATCH__ZERO_
                0x00003ec9        0x1 C:\CSR_uEnergy_SDK-2.4.5.13\tools\lib\CSR101x_A05\libgatt_lib_ram.a(patch_updates.o)
 COMMON         0x00003eca        0xd depend_Debug_CSR101x_A05\beacon.o
                0x00003eca                skip_nbyte_find_head
                0x00003ecb                cnt
                0x00003ecc                oula_angle
                0x00003ecf                jia_su_du
                0x00003ed2                siyuan_data
                0x00003ed6                control_mode
 COMMON         0x00003ed7        0x2 C:\CSR_uEnergy_SDK-2.4.5.13\tools\lib\CSR101x_A05\libgatt_lib_ram.a(patch_sm.o)
                0x00003ed7                sm_long_term_key_ind
                0x00003ed8                sm_pairing_auth_ind
 COMMON         0x00003ed9        0x1 C:\CSR_uEnergy_SDK-2.4.5.13\tools\lib\CSR101x_A05\libgatt_lib_ram.a(patch_george.o)
                0x00003ed9                enable_lowduty_directed_adv
 COMMON         0x00003eda        0x3 C:\CSR_uEnergy_SDK-2.4.5.13\tools\lib\CSR101x_A05\libgatt_lib_ram.a(patch_george_ll.o)
                0x00003eda                george_earliest_transmit_offset
                0x00003edd                DATA_BSS_APP_END = .
                0x000004e9                BSS_APP_SIZE = (DATA_BSS_APP_END - DATA_BSS_APP_START)

.data           0x00003edd      0x14b
                0x00003edd                DATA_DATA_START = .
 *(.data)
 *(.data.*)
 .data.ccitt_table
                0x00003edd      0x100 depend_Debug_CSR101x_A05\beacon.o
 .data.ad_flags
                0x00003fdd        0x1 C:\CSR_uEnergy_SDK-2.4.5.13\tools\lib\CSR101x_A05\libgatt_lib_ram.a(patch_ls_advertising_if.o)
 .data.patch_table_data
                0x00003fde       0x46 C:\CSR_uEnergy_SDK-2.4.5.13\tools\lib\CSR101x_A05\libgatt_lib_ram.a(sw_patch_ram.o)
                0x00003fde                ___libgatt_lib_db_4542
 .data.pending_pdu_acks
                0x00004024        0x1 C:\CSR_uEnergy_SDK-2.4.5.13\tools\lib\CSR101x_A05\libgatt_lib_ram.a(patch_george_ll.o)
                0x00004024                ___libgatt_lib_db_4622
 .data.tgap_con_param_update
                0x00004025        0x1 C:\CSR_uEnergy_SDK-2.4.5.13\tools\lib\CSR101x_A05\libgatt_lib_ram.a(patch_timer.o)
                0x00004025                ___libgatt_lib_db_4661
 .data.lo_offset_adc_update_temp
                0x00004026        0x1 C:\CSR_uEnergy_SDK-2.4.5.13\tools\lib\CSR101x_A05\libgatt_lib_ram.a(patch_thermometer.o)
 .data.xtal_trim_temp
                0x00004027        0x1 C:\CSR_uEnergy_SDK-2.4.5.13\tools\lib\CSR101x_A05\libgatt_lib_ram.a(patch_thermometer.o)
                0x00004028                DATA_DATA_END = .
                0x0000ef80                . = DATA_PERSIST_START

PERSIST_MEM
 *(PERSIST_MEM)
 *(PERSIST_MEM.*)
                0x0000ef80                DATA_PERSIST_MEM_END = .
                0x00009f84                . = DATA_CSTORE_START

CONFIG_STORE    0x00009f84       0x4b
 *(CONFIG_STORE)
 CONFIG_STORE   0x00009f84       0x4b C:\CSR_uEnergy_SDK-2.4.5.13\tools\lib\CSR101x_A05\libgatt_lib_ram.a(CONFIG_STORE.o)
                0x00009f84                ___libgatt_lib_db_4269
 *(CONFIG_STORE.*)
                0x00009fcf                DATA_CSTORE_END = .
                0x0000004b                CS_SIZE = (DATA_CSTORE_END - DATA_CSTORE_START)
                0x00009fdc                . = ((DATA_RAM_END - PRESERVE_SIZE) - SLT_SIZE)

SLT             0x00009fdc        0x4
                0x00009fdc                SLT_START = .
 *(SLT)
 SLT            0x00009fdc        0x4 C:\CSR_uEnergy_SDK-2.4.5.13\tools\lib\CSR101x_A05\libgatt_lib_ram.a(slut.o)
                0x00009fdc                slut
 *(SLT.*)

.preserved      0x00009fe0        0x0
                0x00009fe0                PRESERVED_START = .
 *(PRES_DATA)
 *(PRES_DATA.*)
                0x00009f84                STACK_END = DATA_CSTORE_START
                0x00009c84                . = ((STACK_END - ISTACK_SIZE) - USTACK_SIZE)

.stack          0x00009c84      0x300
                0x00009c84                STACK_START = .
                0x00009c84                USTACK_START = .
                0x00009e84                USTACK_END = (USTACK_START + USTACK_SIZE)
 *(USTACK)
 *(USTACK.*)
                0x00009e84                . = USTACK_END
 *fill*         0x00009c84      0x400 00
                0x00009e84                ISTACK_START = .
                0x00009f84                ISTACK_END = (ISTACK_START + ISTACK_SIZE)
 *(ISTACK)
 *(ISTACK.*)
                0x00009f84                . = ISTACK_END
 *fill*         0x00009e84      0x200 00
                0x00009c84                ALIGNED_DATA_END = STACK_START
                0x00009950                . = (((ALIGNED_DATA_END - RADIODATA_SIZE) - WHITELIST_SIZE) - RADIOBUFS_SIZE)

.aligned_data   0x00009950      0x334
                0x00009950                ALIGNED_DATA_START = .
                0x00009950                DATA_RADIOBUFS_START = .
 *(RADINITTBL)
                0x00009b00                . = (ALIGNED_DATA_START + RADIOBUFS_SIZE)
 *fill*         0x00009950      0x360 00
                0x00009b00                DATA_WHITELIST_START = .
                0x00009b20                . = (DATA_WHITELIST_START + WHITELIST_SIZE)
 *fill*         0x00009b00       0x40 00
 *(.romradiodata)
 .romradiodata  0x00009b20      0x164 C:\CSR_uEnergy_SDK-2.4.5.13\tools\lib\CSR101x_A05\libgatt_lib_ram.a(.romradiodata.o)
                0x00009b20                DATA_TIMERSTRUCT_START
                0x00009b80                ___libgatt_lib_db_4171
                0x00009b20                ___libgatt_lib_db_4173
                0x00009b80                DATA_RCLUTS_START
                0x00009c84                ALIGN_END_ACTUAL = .
                0x00000001                ASSERT ((DATA_APPDATA_END > DATA_DATA_END), RAM DATA exceeds limit.)
LOAD c:/csr_uenergy_sdk-2.4.5.13/tools/bin/../lib/gcc/xap-local-xap/4.3.4\libgcc.a
OUTPUT(depend_Debug_CSR101x_A05\beacon.elf elf32-xap2)

.debug_abbrev   0x00000000      0x219
 .debug_abbrev  0x00000000      0x15f depend_Debug_CSR101x_A05\beacon.o
 .debug_abbrev  0x000002bd       0xba depend_Debug_CSR101x_A05\byte_queue.o

.debug_info     0x00000000     0x19b1
 .debug_info    0x00000000     0x1829 depend_Debug_CSR101x_A05\beacon.o
 .debug_info    0x00003051      0x189 depend_Debug_CSR101x_A05\byte_queue.o

.debug_line     0x00000000      0x68a
 .debug_line    0x00000000      0x509 depend_Debug_CSR101x_A05\beacon.o
 .debug_line    0x00000a11      0x182 depend_Debug_CSR101x_A05\byte_queue.o

.debug_frame    0x00000000      0x17c
 .debug_frame   0x00000000       0xfc depend_Debug_CSR101x_A05\beacon.o
 .debug_frame   0x000001f8       0x80 depend_Debug_CSR101x_A05\byte_queue.o

.debug_loc      0x00000000      0x1a3
 .debug_loc     0x00000000      0x127 depend_Debug_CSR101x_A05\beacon.o
 .debug_loc     0x0000024d       0x7c depend_Debug_CSR101x_A05\byte_queue.o

.debug_pubnames
                0x00000000      0x13d
 .debug_pubnames
                0x00000000       0xdb depend_Debug_CSR101x_A05\beacon.o
 .debug_pubnames
                0x000001b6       0x62 depend_Debug_CSR101x_A05\byte_queue.o

.debug_aranges  0x00000000       0x98
 .debug_aranges
                0x00000000       0x60 depend_Debug_CSR101x_A05\beacon.o
 .debug_aranges
                0x000000c0       0x38 depend_Debug_CSR101x_A05\byte_queue.o

.debug_ranges   0x00000000       0x90
 .debug_ranges  0x00000000       0x5c depend_Debug_CSR101x_A05\beacon.o
 .debug_ranges  0x000000b8       0x34 depend_Debug_CSR101x_A05\byte_queue.o

.debug_str      0x00000000     0x22fa
 .debug_str     0x00000000     0x2286 depend_Debug_CSR101x_A05\beacon.o
                               0x22fe (size before relaxing)
 .debug_str     0x0000450b       0x74 depend_Debug_CSR101x_A05\byte_queue.o
                                 0xde (size before relaxing)

.comment        0x00000000      0x35a
 .comment       0x00000000       0x1a depend_Debug_CSR101x_A05\beacon.o
 .comment       0x0000001a       0x1a depend_Debug_CSR101x_A05\byte_queue.o
 .comment       0x00000034       0x1a C:\CSR_uEnergy_SDK-2.4.5.13\tools\lib\CSR101x_A05\libgatt_lib_ram.a(patch_ls_advertising_if.o)
 .comment       0x0000004e       0x1a C:\CSR_uEnergy_SDK-2.4.5.13\tools\lib\CSR101x_A05\libgatt_lib_ram.a(patch_uart.o)
 .comment       0x00000068       0x1a C:\CSR_uEnergy_SDK-2.4.5.13\tools\lib\CSR101x_A05\libgatt_lib_ram.a(main_ram.o)
 .comment       0x00000082       0x1a C:\CSR_uEnergy_SDK-2.4.5.13\tools\lib\CSR101x_A05\libgatt_lib_ram.a(hw_patch_install.o)
 .comment       0x0000009c       0x1a C:\CSR_uEnergy_SDK-2.4.5.13\tools\lib\CSR101x_A05\libgatt_lib_ram.a(patch_robs_aio.o)
 .comment       0x000000b6       0x1a C:\CSR_uEnergy_SDK-2.4.5.13\tools\lib\CSR101x_A05\libgatt_lib_ram.a(robs_pio_ram.o)
 .comment       0x000000d0       0x1a C:\CSR_uEnergy_SDK-2.4.5.13\tools\lib\CSR101x_A05\libgatt_lib_ram.a(id_ram.o)
 .comment       0x000000ea       0x1a C:\CSR_uEnergy_SDK-2.4.5.13\tools\lib\CSR101x_A05\libgatt_lib_ram.a(patch_adc.o)
 .comment       0x00000104       0x1a C:\CSR_uEnergy_SDK-2.4.5.13\tools\lib\CSR101x_A05\libgatt_lib_ram.a(slut.o)
 .comment       0x0000011e       0x1a C:\CSR_uEnergy_SDK-2.4.5.13\tools\lib\CSR101x_A05\libgatt_lib_ram.a(sw_patch_ram.o)
 .comment       0x00000138       0x1a C:\CSR_uEnergy_SDK-2.4.5.13\tools\lib\CSR101x_A05\libgatt_lib_ram.a(patch_ls_l2cap_if.o)
 .comment       0x00000152       0x1a C:\CSR_uEnergy_SDK-2.4.5.13\tools\lib\CSR101x_A05\libgatt_lib_ram.a(patch_l2cap.o)
 .comment       0x0000016c       0x1a C:\CSR_uEnergy_SDK-2.4.5.13\tools\lib\CSR101x_A05\libgatt_lib_ram.a(patch_att_install.o)
 .comment       0x00000186       0x1a C:\CSR_uEnergy_SDK-2.4.5.13\tools\lib\CSR101x_A05\libgatt_lib_ram.a(patch_sm.o)
 .comment       0x000001a0       0x1a C:\CSR_uEnergy_SDK-2.4.5.13\tools\lib\CSR101x_A05\libgatt_lib_ram.a(patch_sm_l2cap.o)
 .comment       0x000001ba       0x1a C:\CSR_uEnergy_SDK-2.4.5.13\tools\lib\CSR101x_A05\libgatt_lib_ram.a(patch_george.o)
 .comment       0x000001d4       0x1a C:\CSR_uEnergy_SDK-2.4.5.13\tools\lib\CSR101x_A05\libgatt_lib_ram.a(patch_george_ll.o)
 .comment       0x000001ee       0x1a C:\CSR_uEnergy_SDK-2.4.5.13\tools\lib\CSR101x_A05\libgatt_lib_ram.a(patch_george_adv.o)
 .comment       0x00000208       0x1a C:\CSR_uEnergy_SDK-2.4.5.13\tools\lib\CSR101x_A05\libgatt_lib_ram.a(patch_dbase.o)
 .comment       0x00000222       0x1a C:\CSR_uEnergy_SDK-2.4.5.13\tools\lib\CSR101x_A05\libgatt_lib_ram.a(hal_debugbus_state.o)
 .comment       0x0000023c       0x1a C:\CSR_uEnergy_SDK-2.4.5.13\tools\lib\CSR101x_A05\libgatt_lib_ram.a(patch_halradiotrim.o)
 .comment       0x00000256       0x1a C:\CSR_uEnergy_SDK-2.4.5.13\tools\lib\CSR101x_A05\libgatt_lib_ram.a(patch_halradio.o)
 .comment       0x00000270       0x1a C:\CSR_uEnergy_SDK-2.4.5.13\tools\lib\CSR101x_A05\libgatt_lib_ram.a(patch_timer.o)
 .comment       0x0000028a       0x1a C:\CSR_uEnergy_SDK-2.4.5.13\tools\lib\CSR101x_A05\libgatt_lib_ram.a(patch_sleep.o)
 .comment       0x000002a4       0x1a C:\CSR_uEnergy_SDK-2.4.5.13\tools\lib\CSR101x_A05\libgatt_lib_ram.a(patch_reset.o)
 .comment       0x000002be       0x1a C:\CSR_uEnergy_SDK-2.4.5.13\tools\lib\CSR101x_A05\libgatt_lib_ram.a(patch_pools.o)
 .comment       0x000002d8       0x1a C:\CSR_uEnergy_SDK-2.4.5.13\tools\lib\CSR101x_A05\libgatt_lib_ram.a(patch_background_loop.o)
 .comment       0x000002f2       0x1a C:\CSR_uEnergy_SDK-2.4.5.13\tools\lib\CSR101x_A05\libgatt_lib_ram.a(patch_fault.o)
 .comment       0x0000030c       0x1a C:\CSR_uEnergy_SDK-2.4.5.13\tools\lib\CSR101x_A05\libgatt_lib_ram.a(patch_pmu.o)
 .comment       0x00000326       0x1a C:\CSR_uEnergy_SDK-2.4.5.13\tools\lib\CSR101x_A05\libgatt_lib_ram.a(patch_thermometer.o)
 .comment       0x00000340       0x1a C:\CSR_uEnergy_SDK-2.4.5.13\tools\lib\CSR101x_A05\libgatt_lib_ram.a(patch_updates.o)
